../Drivers/STM32C0xx_HAL_Driver/Src/stm32c0xx_hal_pwr.c:73:6:HAL_PWR_DeInit	8	static
../Drivers/STM32C0xx_HAL_Driver/Src/stm32c0xx_hal_pwr.c:206:6:HAL_PWR_EnableWakeUpPin	16	static
../Drivers/STM32C0xx_HAL_Driver/Src/stm32c0xx_hal_pwr.c:227:6:HAL_PWR_DisableWakeUpPin	16	static
../Drivers/STM32C0xx_HAL_Driver/Src/stm32c0xx_hal_pwr.c:252:6:HAL_PWR_EnterSLEEPMode	16	static,ignoring_inline_asm
../Drivers/STM32C0xx_HAL_Driver/Src/stm32c0xx_hal_pwr.c:301:6:HAL_PWR_EnterSTOPMode	16	static,ignoring_inline_asm
../Drivers/STM32C0xx_HAL_Driver/Src/stm32c0xx_hal_pwr.c:345:6:HAL_PWR_EnterSTANDBYMode	8	static,ignoring_inline_asm
../Drivers/STM32C0xx_HAL_Driver/Src/stm32c0xx_hal_pwr.c:367:6:HAL_PWR_EnableSleepOnExit	8	static
../Drivers/STM32C0xx_HAL_Driver/Src/stm32c0xx_hal_pwr.c:381:6:HAL_PWR_DisableSleepOnExit	8	static
../Drivers/STM32C0xx_HAL_Driver/Src/stm32c0xx_hal_pwr.c:395:6:HAL_PWR_EnableSEVOnPend	8	static
../Drivers/STM32C0xx_HAL_Driver/Src/stm32c0xx_hal_pwr.c:408:6:HAL_PWR_DisableSEVOnPend	8	static
