Archive member included to satisfy reference by file (symbol)

C:/ST/STM32CubeIDE_1.13.0/STM32CubeIDE/plugins/com.st.stm32cube.ide.mcu.externaltools.gnu-tools-for-stm32.11.3.rel1.win32_1.1.1.202309131626/tools/bin/../lib/gcc/arm-none-eabi/11.3.1/../../../../arm-none-eabi/lib/thumb/v6-m/nofp\libc_nano.a(libc_a-exit.o)
                              C:/ST/STM32CubeIDE_1.13.0/STM32CubeIDE/plugins/com.st.stm32cube.ide.mcu.externaltools.gnu-tools-for-stm32.11.3.rel1.win32_1.1.1.202309131626/tools/bin/../lib/gcc/arm-none-eabi/11.3.1/../../../../arm-none-eabi/lib/thumb/v6-m/nofp/crt0.o (exit)
C:/ST/STM32CubeIDE_1.13.0/STM32CubeIDE/plugins/com.st.stm32cube.ide.mcu.externaltools.gnu-tools-for-stm32.11.3.rel1.win32_1.1.1.202309131626/tools/bin/../lib/gcc/arm-none-eabi/11.3.1/../../../../arm-none-eabi/lib/thumb/v6-m/nofp\libc_nano.a(libc_a-findfp.o)
                              C:/ST/STM32CubeIDE_1.13.0/STM32CubeIDE/plugins/com.st.stm32cube.ide.mcu.externaltools.gnu-tools-for-stm32.11.3.rel1.win32_1.1.1.202309131626/tools/bin/../lib/gcc/arm-none-eabi/11.3.1/../../../../arm-none-eabi/lib/thumb/v6-m/nofp\libc_nano.a(libc_a-exit.o) (__stdio_exit_handler)
C:/ST/STM32CubeIDE_1.13.0/STM32CubeIDE/plugins/com.st.stm32cube.ide.mcu.externaltools.gnu-tools-for-stm32.11.3.rel1.win32_1.1.1.202309131626/tools/bin/../lib/gcc/arm-none-eabi/11.3.1/../../../../arm-none-eabi/lib/thumb/v6-m/nofp\libc_nano.a(libc_a-fwalk.o)
                              C:/ST/STM32CubeIDE_1.13.0/STM32CubeIDE/plugins/com.st.stm32cube.ide.mcu.externaltools.gnu-tools-for-stm32.11.3.rel1.win32_1.1.1.202309131626/tools/bin/../lib/gcc/arm-none-eabi/11.3.1/../../../../arm-none-eabi/lib/thumb/v6-m/nofp\libc_nano.a(libc_a-findfp.o) (_fwalk_sglue)
C:/ST/STM32CubeIDE_1.13.0/STM32CubeIDE/plugins/com.st.stm32cube.ide.mcu.externaltools.gnu-tools-for-stm32.11.3.rel1.win32_1.1.1.202309131626/tools/bin/../lib/gcc/arm-none-eabi/11.3.1/../../../../arm-none-eabi/lib/thumb/v6-m/nofp\libc_nano.a(libc_a-stdio.o)
                              C:/ST/STM32CubeIDE_1.13.0/STM32CubeIDE/plugins/com.st.stm32cube.ide.mcu.externaltools.gnu-tools-for-stm32.11.3.rel1.win32_1.1.1.202309131626/tools/bin/../lib/gcc/arm-none-eabi/11.3.1/../../../../arm-none-eabi/lib/thumb/v6-m/nofp\libc_nano.a(libc_a-findfp.o) (__sread)
C:/ST/STM32CubeIDE_1.13.0/STM32CubeIDE/plugins/com.st.stm32cube.ide.mcu.externaltools.gnu-tools-for-stm32.11.3.rel1.win32_1.1.1.202309131626/tools/bin/../lib/gcc/arm-none-eabi/11.3.1/../../../../arm-none-eabi/lib/thumb/v6-m/nofp\libc_nano.a(libc_a-memset.o)
                              C:/ST/STM32CubeIDE_1.13.0/STM32CubeIDE/plugins/com.st.stm32cube.ide.mcu.externaltools.gnu-tools-for-stm32.11.3.rel1.win32_1.1.1.202309131626/tools/bin/../lib/gcc/arm-none-eabi/11.3.1/../../../../arm-none-eabi/lib/thumb/v6-m/nofp/crt0.o (memset)
C:/ST/STM32CubeIDE_1.13.0/STM32CubeIDE/plugins/com.st.stm32cube.ide.mcu.externaltools.gnu-tools-for-stm32.11.3.rel1.win32_1.1.1.202309131626/tools/bin/../lib/gcc/arm-none-eabi/11.3.1/../../../../arm-none-eabi/lib/thumb/v6-m/nofp\libc_nano.a(libc_a-closer.o)
                              C:/ST/STM32CubeIDE_1.13.0/STM32CubeIDE/plugins/com.st.stm32cube.ide.mcu.externaltools.gnu-tools-for-stm32.11.3.rel1.win32_1.1.1.202309131626/tools/bin/../lib/gcc/arm-none-eabi/11.3.1/../../../../arm-none-eabi/lib/thumb/v6-m/nofp\libc_nano.a(libc_a-stdio.o) (_close_r)
C:/ST/STM32CubeIDE_1.13.0/STM32CubeIDE/plugins/com.st.stm32cube.ide.mcu.externaltools.gnu-tools-for-stm32.11.3.rel1.win32_1.1.1.202309131626/tools/bin/../lib/gcc/arm-none-eabi/11.3.1/../../../../arm-none-eabi/lib/thumb/v6-m/nofp\libc_nano.a(libc_a-reent.o)
                              C:/ST/STM32CubeIDE_1.13.0/STM32CubeIDE/plugins/com.st.stm32cube.ide.mcu.externaltools.gnu-tools-for-stm32.11.3.rel1.win32_1.1.1.202309131626/tools/bin/../lib/gcc/arm-none-eabi/11.3.1/../../../../arm-none-eabi/lib/thumb/v6-m/nofp\libc_nano.a(libc_a-closer.o) (errno)
C:/ST/STM32CubeIDE_1.13.0/STM32CubeIDE/plugins/com.st.stm32cube.ide.mcu.externaltools.gnu-tools-for-stm32.11.3.rel1.win32_1.1.1.202309131626/tools/bin/../lib/gcc/arm-none-eabi/11.3.1/../../../../arm-none-eabi/lib/thumb/v6-m/nofp\libc_nano.a(libc_a-impure.o)
                              C:/ST/STM32CubeIDE_1.13.0/STM32CubeIDE/plugins/com.st.stm32cube.ide.mcu.externaltools.gnu-tools-for-stm32.11.3.rel1.win32_1.1.1.202309131626/tools/bin/../lib/gcc/arm-none-eabi/11.3.1/../../../../arm-none-eabi/lib/thumb/v6-m/nofp\libc_nano.a(libc_a-reent.o) (_impure_ptr)
C:/ST/STM32CubeIDE_1.13.0/STM32CubeIDE/plugins/com.st.stm32cube.ide.mcu.externaltools.gnu-tools-for-stm32.11.3.rel1.win32_1.1.1.202309131626/tools/bin/../lib/gcc/arm-none-eabi/11.3.1/../../../../arm-none-eabi/lib/thumb/v6-m/nofp\libc_nano.a(libc_a-lseekr.o)
[...]
Memory Configuration

Name             Origin             Length             Attributes
RAM              0x0000000020000000 0x0000000000001800 xrw
FLASH            0x0000000008000000 0x0000000000004000 xr
*default*        0x0000000000000000 0xffffffffffffffff

Linker script and memory map

LOAD C:/ST/STM32CubeIDE_1.13.0/STM32CubeIDE/plugins/com.st.stm32cube.ide.mcu.externaltools.gnu-tools-for-stm32.11.3.rel1.win32_1.1.1.202309131626/tools/bin/../lib/gcc/arm-none-eabi/11.3.1/thumb/v6-m/nofp/crti.o
LOAD C:/ST/STM32CubeIDE_1.13.0/STM32CubeIDE/plugins/com.st.stm32cube.ide.mcu.externaltools.gnu-tools-for-stm32.11.3.rel1.win32_1.1.1.202309131626/tools/bin/../lib/gcc/arm-none-eabi/11.3.1/thumb/v6-m/nofp/crtbegin.o
LOAD C:/ST/STM32CubeIDE_1.13.0/STM32CubeIDE/plugins/com.st.stm32cube.ide.mcu.externaltools.gnu-tools-for-stm32.11.3.rel1.win32_1.1.1.202309131626/tools/bin/../lib/gcc/arm-none-eabi/11.3.1/../../../../arm-none-eabi/lib/thumb/v6-m/nofp/crt0.o
LOAD ./Core/Src/main.o
LOAD ./Core/Src/stm32c0xx_hal_msp.o
LOAD ./Core/Src/stm32c0xx_it.o
LOAD ./Core/Src/syscalls.o
LOAD ./Core/Src/sysmem.o
LOAD ./Core/Src/system_stm32c0xx.o
LOAD ./Core/Startup/startup_stm32c011f4ux.o
LOAD ./Drivers/STM32C0xx_HAL_Driver/Src/stm32c0xx_hal.o
LOAD ./Drivers/STM32C0xx_HAL_Driver/Src/stm32c0xx_hal_cortex.o
LOAD ./Drivers/STM32C0xx_HAL_Driver/Src/stm32c0xx_hal_dma.o
LOAD ./Drivers/STM32C0xx_HAL_Driver/Src/stm32c0xx_hal_dma_ex.o
LOAD ./Drivers/STM32C0xx_HAL_Driver/Src/stm32c0xx_hal_exti.o
LOAD ./Drivers/STM32C0xx_HAL_Driver/Src/stm32c0xx_hal_flash.o
LOAD ./Drivers/STM32C0xx_HAL_Driver/Src/stm32c0xx_hal_flash_ex.o
LOAD ./Drivers/STM32C0xx_HAL_Driver/Src/stm32c0xx_hal_gpio.o
LOAD ./Drivers/STM32C0xx_HAL_Driver/Src/stm32c0xx_hal_pwr.o
LOAD ./Drivers/STM32C0xx_HAL_Driver/Src/stm32c0xx_hal_pwr_ex.o
LOAD ./Drivers/STM32C0xx_HAL_Driver/Src/stm32c0xx_hal_rcc.o
LOAD ./Drivers/STM32C0xx_HAL_Driver/Src/stm32c0xx_hal_rcc_ex.o
LOAD ./Drivers/STM32C0xx_HAL_Driver/Src/stm32c0xx_hal_tim.o
LOAD ./Drivers/STM32C0xx_HAL_Driver/Src/stm32c0xx_hal_tim_ex.o
LOAD ./Usr/Src/1016top.o
START GROUP
LOAD C:/ST/STM32CubeIDE_1.13.0/STM32CubeIDE/plugins/com.st.stm32cube.ide.mcu.externaltools.gnu-tools-for-stm32.11.3.rel1.win32_1.1.1.202309131626/tools/bin/../lib/gcc/arm-none-eabi/11.3.1/../../../../arm-none-eabi/lib/thumb/v6-m/nofp\libc_nano.a
LOAD C:/ST/STM32CubeIDE_1.13.0/STM32CubeIDE/plugins/com.st.stm32cube.ide.mcu.externaltools.gnu-tools-for-stm32.11.3.rel1.win32_1.1.1.202309131626/tools/bin/../lib/gcc/arm-none-eabi/11.3.1/../../../../arm-none-eabi/lib/thumb/v6-m/nofp\libm.a
END GROUP
START GROUP
LOAD C:/ST/STM32CubeIDE_1.13.0/STM32CubeIDE/plugins/com.st.stm32cube.ide.mcu.externaltools.gnu-tools-for-stm32.11.3.rel1.win32_1.1.1.202309131626/tools/bin/../lib/gcc/arm-none-eabi/11.3.1/thumb/v6-m/nofp\libgcc.a
LOAD C:/ST/STM32CubeIDE_1.13.0/STM32CubeIDE/plugins/com.st.stm32cube.ide.mcu.externaltools.gnu-tools-for-stm32.11.3.rel1.win32_1.1.1.202309131626/tools/bin/../lib/gcc/arm-none-eabi/11.3.1/../../../../arm-none-eabi/lib/thumb/v6-m/nofp\libc_nano.a
END GROUP
START GROUP
LOAD C:/ST/STM32CubeIDE_1.13.0/STM32CubeIDE/plugins/com.st.stm32cube.ide.mcu.externaltools.gnu-tools-for-stm32.11.3.rel1.win32_1.1.1.202309131626/tools/bin/../lib/gcc/arm-none-eabi/11.3.1/thumb/v6-m/nofp\libgcc.a
LOAD C:/ST/STM32CubeIDE_1.13.0/STM32CubeIDE/plugins/com.st.stm32cube.ide.mcu.externaltools.gnu-tools-for-stm32.11.3.rel1.win32_1.1.1.202309131626/tools/bin/../lib/gcc/arm-none-eabi/11.3.1/../../../../arm-none-eabi/lib/thumb/v6-m/nofp\libc_nano.a
LOAD C:/ST/STM32CubeIDE_1.13.0/STM32CubeIDE/plugins/com.st.stm32cube.ide.mcu.externaltools.gnu-tools-for-stm32.11.3.rel1.win32_1.1.1.202309131626/tools/bin/../lib/gcc/arm-none-eabi/11.3.1/../../../../arm-none-eabi/lib/thumb/v6-m/nofp\libnosys.a
END GROUP
START GROUP
LOAD C:/ST/STM32CubeIDE_1.13.0/STM32CubeIDE/plugins/com.st.stm32cube.ide.mcu.externaltools.gnu-tools-for-stm32.11.3.rel1.win32_1.1.1.202309131626/tools/bin/../lib/gcc/arm-none-eabi/11.3.1/thumb/v6-m/nofp\libgcc.a
LOAD C:/ST/STM32CubeIDE_1.13.0/STM32CubeIDE/plugins/com.st.stm32cube.ide.mcu.externaltools.gnu-tools-for-stm32.11.3.rel1.win32_1.1.1.202309131626/tools/bin/../lib/gcc/arm-none-eabi/11.3.1/../../../../arm-none-eabi/lib/thumb/v6-m/nofp\libc_nano.a
LOAD C:/ST/STM32CubeIDE_1.13.0/STM32CubeIDE/plugins/com.st.stm32cube.ide.mcu.externaltools.gnu-tools-for-stm32.11.3.rel1.win32_1.1.1.202309131626/tools/bin/../lib/gcc/arm-none-eabi/11.3.1/../../../../arm-none-eabi/lib/thumb/v6-m/nofp\libnosys.a
END GROUP
LOAD C:/ST/STM32CubeIDE_1.13.0/STM32CubeIDE/plugins/com.st.stm32cube.ide.mcu.externaltools.gnu-tools-for-stm32.11.3.rel1.win32_1.1.1.202309131626/tools/bin/../lib/gcc/arm-none-eabi/11.3.1/thumb/v6-m/nofp/crtend.o
LOAD C:/ST/STM32CubeIDE_1.13.0/STM32CubeIDE/plugins/com.st.stm32cube.ide.mcu.externaltools.gnu-tools-for-stm32.11.3.rel1.win32_1.1.1.202309131626/tools/bin/../lib/gcc/arm-none-eabi/11.3.1/thumb/v6-m/nofp/crtn.o
                0x0000000020001800                _estack = (ORIGIN (RAM) + LENGTH (RAM))
                0x0000000000000200                _Min_Heap_Size = 0x200
                0x0000000000000400                _Min_Stack_Size = 0x400

.isr_vector     0x0000000008000000       0xc0
                0x0000000008000000                . = ALIGN (0x4)
 *(.isr_vector)
 .isr_vector    0x0000000008000000       0xc0 ./Core/Startup/startup_stm32c011f4ux.o
                0x0000000008000000                g_pfnVectors
                0x00000000080000c0                . = ALIGN (0x4)

.text           0x00000000080000c0     0x2370
                0x00000000080000c0                . = ALIGN (0x4)
 *(.text)
 .text          0x00000000080000c0       0x48 C:/ST/STM32CubeIDE_1.13.0/STM32CubeIDE/plugins/com.st.stm32cube.ide.mcu.externaltools.gnu-tools-for-stm32.11.3.rel1.win32_1.1.1.202309131626/tools/bin/../lib/gcc/arm-none-eabi/11.3.1/thumb/v6-m/nofp/crtbegin.o
 .text          0x0000000008000108      0x114 C:/ST/STM32CubeIDE_1.13.0/STM32CubeIDE/plugins/com.st.stm32cube.ide.mcu.externaltools.gnu-tools-for-stm32.11.3.rel1.win32_1.1.1.202309131626/tools/bin/../lib/gcc/arm-none-eabi/11.3.1/thumb/v6-m/nofp\libgcc.a(_udivsi3.o)
                0x0000000008000108                __aeabi_uidiv
                0x0000000008000108                __udivsi3
                0x0000000008000214                __aeabi_uidivmod
 .text          0x000000000800021c        0x4 C:/ST/STM32CubeIDE_1.13.0/STM32CubeIDE/plugins/com.st.stm32cube.ide.mcu.externaltools.gnu-tools-for-stm32.11.3.rel1.win32_1.1.1.202309131626/tools/bin/../lib/gcc/arm-none-eabi/11.3.1/thumb/v6-m/nofp\libgcc.a(_dvmd_tls.o)
                0x000000000800021c                __aeabi_idiv0
                0x000000000800021c                __aeabi_ldiv0
 *(.text*)
 .text.main     0x0000000008000220       0x1a ./Core/Src/main.o
                0x0000000008000220                main
 .text.SystemClock_Config
                0x000000000800023a       0x8a ./Core/Src/main.o
                0x000000000800023a                SystemClock_Config
 .text.MX_TIM3_Init
                0x00000000080002c4       0xac ./Core/Src/main.o
 .text.MX_GPIO_Init
                0x0000000008000370      0x158 ./Core/Src/main.o
 .text.Error_Handler
                0x00000000080004c8        0xa ./Core/Src/main.o
                0x00000000080004c8                Error_Handler
 *fill*         0x00000000080004d2        0x2 
 .text.HAL_MspInit
                0x00000000080004d4       0x48 ./Core/Src/stm32c0xx_hal_msp.o
                0x00000000080004d4                HAL_MspInit
 .text.HAL_TIM_Base_MspInit
                0x000000000800051c       0x4c ./Core/Src/stm32c0xx_hal_msp.o
                0x000000000800051c                HAL_TIM_Base_MspInit
 .text.NMI_Handler
                0x0000000008000568        0x6 ./Core/Src/stm32c0xx_it.o
                0x0000000008000568                NMI_Handler
 .text.HardFault_Handler
                0x000000000800056e        0x6 ./Core/Src/stm32c0xx_it.o
                0x000000000800056e                HardFault_Handler
 .text.SVC_Handler
                0x0000000008000574        0xa ./Core/Src/stm32c0xx_it.o
                0x0000000008000574                SVC_Handler
 .text.PendSV_Handler
                0x000000000800057e        0xa ./Core/Src/stm32c0xx_it.o
                0x000000000800057e                PendSV_Handler
 .text.SysTick_Handler
                0x0000000008000588        0xe ./Core/Src/stm32c0xx_it.o
                0x0000000008000588                SysTick_Handler
 *fill*         0x0000000008000596        0x2 
 .text.TIM3_IRQHandler
                0x0000000008000598       0x18 ./Core/Src/stm32c0xx_it.o
                0x0000000008000598                TIM3_IRQHandler
 .text.SystemInit
                0x00000000080005b0       0x18 ./Core/Src/system_stm32c0xx.o
                0x00000000080005b0                SystemInit
 .text.Reset_Handler
                0x00000000080005c8       0x50 ./Core/Startup/startup_stm32c011f4ux.o
                0x00000000080005c8                Reset_Handler
 .text.Default_Handler
                0x0000000008000618        0x2 ./Core/Startup/startup_stm32c011f4ux.o
                0x0000000008000618                TIM1_CC_IRQHandler
                0x0000000008000618                I2C1_IRQHandler
                0x0000000008000618                DMAMUX1_IRQHandler
                0x0000000008000618                SPI1_IRQHandler
                0x0000000008000618                EXTI2_3_IRQHandler
                0x0000000008000618                ADC1_IRQHandler
                0x0000000008000618                TIM17_IRQHandler
                0x0000000008000618                RTC_IRQHandler
                0x0000000008000618                TIM16_IRQHandler
                0x0000000008000618                EXTI4_15_IRQHandler
                0x0000000008000618                RCC_IRQHandler
                0x0000000008000618                DMA1_Channel1_IRQHandler
                0x0000000008000618                Default_Handler
                0x0000000008000618                TIM14_IRQHandler
                0x0000000008000618                EXTI0_1_IRQHandler
                0x0000000008000618                WWDG_IRQHandler
                0x0000000008000618                DMA1_Channel2_3_IRQHandler
                0x0000000008000618                USART2_IRQHandler
                0x0000000008000618                FLASH_IRQHandler
                0x0000000008000618                USART1_IRQHandler
                0x0000000008000618                TIM1_BRK_UP_TRG_COM_IRQHandler
 .text.HAL_Init
                0x000000000800061a       0x2e ./Drivers/STM32C0xx_HAL_Driver/Src/stm32c0xx_hal.o
                0x000000000800061a                HAL_Init
 .text.HAL_InitTick
                0x0000000008000648       0x94 ./Drivers/STM32C0xx_HAL_Driver/Src/stm32c0xx_hal.o
                0x0000000008000648                HAL_InitTick
 .text.HAL_IncTick
                0x00000000080006dc       0x24 ./Drivers/STM32C0xx_HAL_Driver/Src/stm32c0xx_hal.o
                0x00000000080006dc                HAL_IncTick
 .text.HAL_GetTick
                0x0000000008000700       0x14 ./Drivers/STM32C0xx_HAL_Driver/Src/stm32c0xx_hal.o
                0x0000000008000700                HAL_GetTick
 .text.__NVIC_EnableIRQ
                0x0000000008000714       0x34 ./Drivers/STM32C0xx_HAL_Driver/Src/stm32c0xx_hal_cortex.o
 .text.__NVIC_SetPriority
                0x0000000008000748       0xdc ./Drivers/STM32C0xx_HAL_Driver/Src/stm32c0xx_hal_cortex.o
 .text.SysTick_Config
                0x0000000008000824       0x48 ./Drivers/STM32C0xx_HAL_Driver/Src/stm32c0xx_hal_cortex.o
 .text.HAL_NVIC_SetPriority
                0x000000000800086c       0x2a ./Drivers/STM32C0xx_HAL_Driver/Src/stm32c0xx_hal_cortex.o
                0x000000000800086c                HAL_NVIC_SetPriority
 .text.HAL_NVIC_EnableIRQ
                0x0000000008000896       0x20 ./Drivers/STM32C0xx_HAL_Driver/Src/stm32c0xx_hal_cortex.o
                0x0000000008000896                HAL_NVIC_EnableIRQ
 .text.HAL_SYSTICK_Config
                0x00000000080008b6       0x1a ./Drivers/STM32C0xx_HAL_Driver/Src/stm32c0xx_hal_cortex.o
                0x00000000080008b6                HAL_SYSTICK_Config
 .text.HAL_GPIO_Init
                0x00000000080008d0      0x2d4 ./Drivers/STM32C0xx_HAL_Driver/Src/stm32c0xx_hal_gpio.o
                0x00000000080008d0                HAL_GPIO_Init
 .text.HAL_GPIO_ReadPin
                0x0000000008000ba4       0x3a ./Drivers/STM32C0xx_HAL_Driver/Src/stm32c0xx_hal_gpio.o
                0x0000000008000ba4                HAL_GPIO_ReadPin
 .text.HAL_GPIO_WritePin
                0x0000000008000bde       0x3a ./Drivers/STM32C0xx_HAL_Driver/Src/stm32c0xx_hal_gpio.o
                0x0000000008000bde                HAL_GPIO_WritePin
 .text.HAL_RCC_OscConfig
                0x0000000008000c18      0x3c8 ./Drivers/STM32C0xx_HAL_Driver/Src/stm32c0xx_hal_rcc.o
                0x0000000008000c18                HAL_RCC_OscConfig
 .text.HAL_RCC_ClockConfig
                0x0000000008000fe0      0x214 ./Drivers/STM32C0xx_HAL_Driver/Src/stm32c0xx_hal_rcc.o
                0x0000000008000fe0                HAL_RCC_ClockConfig
 .text.HAL_RCC_GetSysClockFreq
                0x00000000080011f4       0x84 ./Drivers/STM32C0xx_HAL_Driver/Src/stm32c0xx_hal_rcc.o
                0x00000000080011f4                HAL_RCC_GetSysClockFreq
 .text.HAL_TIM_Base_Init
                0x0000000008001278       0xb0 ./Drivers/STM32C0xx_HAL_Driver/Src/stm32c0xx_hal_tim.o
                0x0000000008001278                HAL_TIM_Base_Init
 .text.HAL_TIM_Base_Start_IT
                0x0000000008001328       0x9c ./Drivers/STM32C0xx_HAL_Driver/Src/stm32c0xx_hal_tim.o
                0x0000000008001328                HAL_TIM_Base_Start_IT
 .text.HAL_TIM_IRQHandler
                0x00000000080013c4      0x204 ./Drivers/STM32C0xx_HAL_Driver/Src/stm32c0xx_hal_tim.o
                0x00000000080013c4                HAL_TIM_IRQHandler
 .text.HAL_TIM_ConfigClockSource
                0x00000000080015c8      0x1ac ./Drivers/STM32C0xx_HAL_Driver/Src/stm32c0xx_hal_tim.o
                0x00000000080015c8                HAL_TIM_ConfigClockSource
 .text.HAL_TIM_OC_DelayElapsedCallback
                0x0000000008001774       0x10 ./Drivers/STM32C0xx_HAL_Driver/Src/stm32c0xx_hal_tim.o
                0x0000000008001774                HAL_TIM_OC_DelayElapsedCallback
 .text.HAL_TIM_IC_CaptureCallback
                0x0000000008001784       0x10 ./Drivers/STM32C0xx_HAL_Driver/Src/stm32c0xx_hal_tim.o
                0x0000000008001784                HAL_TIM_IC_CaptureCallback
 .text.HAL_TIM_PWM_PulseFinishedCallback
                0x0000000008001794       0x10 ./Drivers/STM32C0xx_HAL_Driver/Src/stm32c0xx_hal_tim.o
                0x0000000008001794                HAL_TIM_PWM_PulseFinishedCallback
 .text.HAL_TIM_TriggerCallback
                0x00000000080017a4       0x10 ./Drivers/STM32C0xx_HAL_Driver/Src/stm32c0xx_hal_tim.o
                0x00000000080017a4                HAL_TIM_TriggerCallback
 .text.TIM_Base_SetConfig
                0x00000000080017b4       0xd8 ./Drivers/STM32C0xx_HAL_Driver/Src/stm32c0xx_hal_tim.o
                0x00000000080017b4                TIM_Base_SetConfig
 .text.TIM_TI1_ConfigInputStage
                0x000000000800188c       0x5c ./Drivers/STM32C0xx_HAL_Driver/Src/stm32c0xx_hal_tim.o
 .text.TIM_TI2_ConfigInputStage
                0x00000000080018e8       0x64 ./Drivers/STM32C0xx_HAL_Driver/Src/stm32c0xx_hal_tim.o
 .text.TIM_ITRx_SetConfig
                0x000000000800194c       0x38 ./Drivers/STM32C0xx_HAL_Driver/Src/stm32c0xx_hal_tim.o
 .text.TIM_ETR_SetConfig
                0x0000000008001984       0x40 ./Drivers/STM32C0xx_HAL_Driver/Src/stm32c0xx_hal_tim.o
                0x0000000008001984                TIM_ETR_SetConfig
 .text.HAL_TIMEx_MasterConfigSynchronization
                0x00000000080019c4       0xc4 ./Drivers/STM32C0xx_HAL_Driver/Src/stm32c0xx_hal_tim_ex.o
                0x00000000080019c4                HAL_TIMEx_MasterConfigSynchronization
 .text.HAL_TIMEx_CommutCallback
                0x0000000008001a88       0x10 ./Drivers/STM32C0xx_HAL_Driver/Src/stm32c0xx_hal_tim_ex.o
                0x0000000008001a88                HAL_TIMEx_CommutCallback
 .text.HAL_TIMEx_BreakCallback
                0x0000000008001a98       0x10 ./Drivers/STM32C0xx_HAL_Driver/Src/stm32c0xx_hal_tim_ex.o
                0x0000000008001a98                HAL_TIMEx_BreakCallback
 .text.HAL_TIMEx_Break2Callback
                0x0000000008001aa8       0x10 ./Drivers/STM32C0xx_HAL_Driver/Src/stm32c0xx_hal_tim_ex.o
                0x0000000008001aa8                HAL_TIMEx_Break2Callback
 .text._1016_TimerSetup
                0x0000000008001ab8       0x18 ./Usr/Src/1016top.o
                0x0000000008001ab8                _1016_TimerSetup
 .text.HAL_TIM_PeriodElapsedCallback
                0x0000000008001ad0       0x54 ./Usr/Src/1016top.o
                0x0000000008001ad0                HAL_TIM_PeriodElapsedCallback
 .text.POSTRunSM
                0x0000000008001b24      0x1ec ./Usr/Src/1016top.o
                0x0000000008001b24                POSTRunSM
 .text.ConfigButtonSM
                0x0000000008001d10      0x11c ./Usr/Src/1016top.o
                0x0000000008001d10                ConfigButtonSM
 .text.ConfigSM
                0x0000000008001e2c      0x1e4 ./Usr/Src/1016top.o
                0x0000000008001e2c                ConfigSM
 .text.OutputButtonSM
                0x0000000008002010      0x108 ./Usr/Src/1016top.o
                0x0000000008002010                OutputButtonSM
 .text.OutputEnableMonitorSM
                0x0000000008002118      0x12c ./Usr/Src/1016top.o
                0x0000000008002118                OutputEnableMonitorSM
 .text.ErrorSM  0x0000000008002244      0x17c ./Usr/Src/1016top.o
                0x0000000008002244                ErrorSM
 .text.memset   0x00000000080023c0       0x10 C:/ST/STM32CubeIDE_1.13.0/STM32CubeIDE/plugins/com.st.stm32cube.ide.mcu.externaltools.gnu-tools-for-stm32.11.3.rel1.win32_1.1.1.202309131626/tools/bin/../lib/gcc/arm-none-eabi/11.3.1/../../../../arm-none-eabi/lib/thumb/v6-m/nofp\libc_nano.a(libc_a-memset.o)
                0x00000000080023c0                memset
 .text.__libc_init_array
                0x00000000080023d0       0x48 C:/ST/STM32CubeIDE_1.13.0/STM32CubeIDE/plugins/com.st.stm32cube.ide.mcu.externaltools.gnu-tools-for-stm32.11.3.rel1.win32_1.1.1.202309131626/tools/bin/../lib/gcc/arm-none-eabi/11.3.1/../../../../arm-none-eabi/lib/thumb/v6-m/nofp\libc_nano.a(libc_a-init.o)
                0x00000000080023d0                __libc_init_array
 *(.glue_7)
 .glue_7        0x0000000008002418        0x0 linker stubs
 *(.glue_7t)
 .glue_7t       0x0000000008002418        0x0 linker stubs
 *(.eh_frame)
 .eh_frame      0x0000000008002418        0x0 C:/ST/STM32CubeIDE_1.13.0/STM32CubeIDE/plugins/com.st.stm32cube.ide.mcu.externaltools.gnu-tools-for-stm32.11.3.rel1.win32_1.1.1.202309131626/tools/bin/../lib/gcc/arm-none-eabi/11.3.1/thumb/v6-m/nofp/crtbegin.o
 *(.init)
 .init          0x0000000008002418        0x4 C:/ST/STM32CubeIDE_1.13.0/STM32CubeIDE/plugins/com.st.stm32cube.ide.mcu.externaltools.gnu-tools-for-stm32.11.3.rel1.win32_1.1.1.202309131626/tools/bin/../lib/gcc/arm-none-eabi/11.3.1/thumb/v6-m/nofp/crti.o
                0x0000000008002418                _init
 .init          0x000000000800241c        0x8 C:/ST/STM32CubeIDE_1.13.0/STM32CubeIDE/plugins/com.st.stm32cube.ide.mcu.externaltools.gnu-tools-for-stm32.11.3.rel1.win32_1.1.1.202309131626/tools/bin/../lib/gcc/arm-none-eabi/11.3.1/thumb/v6-m/nofp/crtn.o
 *(.fini)
 .fini          0x0000000008002424        0x4 C:/ST/STM32CubeIDE_1.13.0/STM32CubeIDE/plugins/com.st.stm32cube.ide.mcu.externaltools.gnu-tools-for-stm32.11.3.rel1.win32_1.1.1.202309131626/tools/bin/../lib/gcc/arm-none-eabi/11.3.1/thumb/v6-m/nofp/crti.o
                0x0000000008002424                _fini
 .fini          0x0000000008002428        0x8 C:/ST/STM32CubeIDE_1.13.0/STM32CubeIDE/plugins/com.st.stm32cube.ide.mcu.externaltools.gnu-tools-for-stm32.11.3.rel1.win32_1.1.1.202309131626/tools/bin/../lib/gcc/arm-none-eabi/11.3.1/thumb/v6-m/nofp/crtn.o
                0x0000000008002430                . = ALIGN (0x4)
                0x0000000008002430                _etext = .

.vfp11_veneer   0x0000000008002430        0x0
 .vfp11_veneer  0x0000000008002430        0x0 linker stubs

.v4_bx          0x0000000008002430        0x0
 .v4_bx         0x0000000008002430        0x0 linker stubs

.iplt           0x0000000008002430        0x0
 .iplt          0x0000000008002430        0x0 C:/ST/STM32CubeIDE_1.13.0/STM32CubeIDE/plugins/com.st.stm32cube.ide.mcu.externaltools.gnu-tools-for-stm32.11.3.rel1.win32_1.1.1.202309131626/tools/bin/../lib/gcc/arm-none-eabi/11.3.1/thumb/v6-m/nofp/crtbegin.o

.rodata         0x0000000008002430       0x64
                0x0000000008002430                . = ALIGN (0x4)
 *(.rodata)
 *(.rodata*)
 .rodata.AHBPrescTable
                0x0000000008002430       0x40 ./Core/Src/system_stm32c0xx.o
                0x0000000008002430                AHBPrescTable
 .rodata.POSTRunSM
                0x0000000008002470       0x24 ./Usr/Src/1016top.o
                0x0000000008002494                . = ALIGN (0x4)

.rel.dyn        0x0000000008002494        0x0
 .rel.iplt      0x0000000008002494        0x0 C:/ST/STM32CubeIDE_1.13.0/STM32CubeIDE/plugins/com.st.stm32cube.ide.mcu.externaltools.gnu-tools-for-stm32.11.3.rel1.win32_1.1.1.202309131626/tools/bin/../lib/gcc/arm-none-eabi/11.3.1/thumb/v6-m/nofp/crtbegin.o

.ARM.extab      0x0000000008002494        0x0
                0x0000000008002494                . = ALIGN (0x4)
 *(.ARM.extab* .gnu.linkonce.armextab.*)
                0x0000000008002494                . = ALIGN (0x4)

.ARM            0x0000000008002494        0x0
                0x0000000008002494                . = ALIGN (0x4)
                0x0000000008002494                __exidx_start = .
 *(.ARM.exidx*)
                0x0000000008002494                __exidx_end = .
                0x0000000008002494                . = ALIGN (0x4)

.preinit_array  0x0000000008002494        0x0
                0x0000000008002494                . = ALIGN (0x4)
                0x0000000008002494                PROVIDE (__preinit_array_start = .)
 *(.preinit_array*)
                0x0000000008002494                PROVIDE (__preinit_array_end = .)
                0x0000000008002494                . = ALIGN (0x4)

.init_array     0x0000000008002494        0x4
                0x0000000008002494                . = ALIGN (0x4)
                0x0000000008002494                PROVIDE (__init_array_start = .)
 *(SORT_BY_NAME(.init_array.*))
 *(.init_array*)
 .init_array    0x0000000008002494        0x4 C:/ST/STM32CubeIDE_1.13.0/STM32CubeIDE/plugins/com.st.stm32cube.ide.mcu.externaltools.gnu-tools-for-stm32.11.3.rel1.win32_1.1.1.202309131626/tools/bin/../lib/gcc/arm-none-eabi/11.3.1/thumb/v6-m/nofp/crtbegin.o
                0x0000000008002498                PROVIDE (__init_array_end = .)
                0x0000000008002498                . = ALIGN (0x4)

.fini_array     0x0000000008002498        0x4
                0x0000000008002498                . = ALIGN (0x4)
                [!provide]                        PROVIDE (__fini_array_start = .)
 *(SORT_BY_NAME(.fini_array.*))
 *(.fini_array*)
 .fini_array    0x0000000008002498        0x4 C:/ST/STM32CubeIDE_1.13.0/STM32CubeIDE/plugins/com.st.stm32cube.ide.mcu.externaltools.gnu-tools-for-stm32.11.3.rel1.win32_1.1.1.202309131626/tools/bin/../lib/gcc/arm-none-eabi/11.3.1/thumb/v6-m/nofp/crtbegin.o
                [!provide]                        PROVIDE (__fini_array_end = .)
                0x000000000800249c                . = ALIGN (0x4)
                0x000000000800249c                _sidata = LOADADDR (.data)

.data           0x0000000020000000        0xc load address 0x000000000800249c
                0x0000000020000000                . = ALIGN (0x4)
                0x0000000020000000                _sdata = .
 *(.data)
 *(.data*)
 .data.SystemCoreClock
                0x0000000020000000        0x4 ./Core/Src/system_stm32c0xx.o
                0x0000000020000000                SystemCoreClock
 .data.uwTickPrio
                0x0000000020000004        0x4 ./Drivers/STM32C0xx_HAL_Driver/Src/stm32c0xx_hal.o
                0x0000000020000004                uwTickPrio
 .data.uwTickFreq
                0x0000000020000008        0x1 ./Drivers/STM32C0xx_HAL_Driver/Src/stm32c0xx_hal.o
                0x0000000020000008                uwTickFreq
 *(.RamFunc)
 *(.RamFunc*)
                0x000000002000000c                . = ALIGN (0x4)
 *fill*         0x0000000020000009        0x3 
                0x000000002000000c                _edata = .

.igot.plt       0x000000002000000c        0x0 load address 0x00000000080024a8
 .igot.plt      0x000000002000000c        0x0 C:/ST/STM32CubeIDE_1.13.0/STM32CubeIDE/plugins/com.st.stm32cube.ide.mcu.externaltools.gnu-tools-for-stm32.11.3.rel1.win32_1.1.1.202309131626/tools/bin/../lib/gcc/arm-none-eabi/11.3.1/thumb/v6-m/nofp/crtbegin.o
                0x000000002000000c                . = ALIGN (0x4)

.bss            0x000000002000000c       0x9c load address 0x00000000080024a8
                0x000000002000000c                _sbss = .
                0x000000002000000c                __bss_start__ = _sbss
 *(.bss)
 .bss           0x000000002000000c       0x1c C:/ST/STM32CubeIDE_1.13.0/STM32CubeIDE/plugins/com.st.stm32cube.ide.mcu.externaltools.gnu-tools-for-stm32.11.3.rel1.win32_1.1.1.202309131626/tools/bin/../lib/gcc/arm-none-eabi/11.3.1/thumb/v6-m/nofp/crtbegin.o
 *(.bss*)
 .bss.htim3     0x0000000020000028       0x4c ./Core/Src/main.o
                0x0000000020000028                htim3
 .bss.uwTick    0x0000000020000074        0x4 ./Drivers/STM32C0xx_HAL_Driver/Src/stm32c0xx_hal.o
                0x0000000020000074                uwTick
 .bss.stMachPOSTRun
                0x0000000020000078        0x1 ./Usr/Src/1016top.o
                0x0000000020000078                stMachPOSTRun
 *fill*         0x0000000020000079        0x3 
 .bss.stMachPOSTRunDelayCtr
                0x000000002000007c        0x4 ./Usr/Src/1016top.o
                0x000000002000007c                stMachPOSTRunDelayCtr
 .bss.stMachConfig
                0x0000000020000080        0x1 ./Usr/Src/1016top.o
                0x0000000020000080                stMachConfig
 .bss.stMachConfigButton
                0x0000000020000081        0x1 ./Usr/Src/1016top.o
                0x0000000020000081                stMachConfigButton
 .bss.stMachOutputButton
                0x0000000020000082        0x1 ./Usr/Src/1016top.o
                0x0000000020000082                stMachOutputButton
 *fill*         0x0000000020000083        0x1 
 .bss.stMachConfigBtnDebounceDelayCtr
                0x0000000020000084        0x4 ./Usr/Src/1016top.o
                0x0000000020000084                stMachConfigBtnDebounceDelayCtr
 .bss.stMachOutputBtnDebounceDelayCtr
                0x0000000020000088        0x4 ./Usr/Src/1016top.o
                0x0000000020000088                stMachOutputBtnDebounceDelayCtr
 .bss.stMachConfigBtnDetected
                0x000000002000008c        0x4 ./Usr/Src/1016top.o
                0x000000002000008c                stMachConfigBtnDetected
 .bss.stMachOutputBtnDetected
                0x0000000020000090        0x4 ./Usr/Src/1016top.o
                0x0000000020000090                stMachOutputBtnDetected
 .bss.stMachOutput
                0x0000000020000094        0x1 ./Usr/Src/1016top.o
                0x0000000020000094                stMachOutput
 *fill*         0x0000000020000095        0x3 
 .bss.stMachOutputWaitStableDelayCtr
                0x0000000020000098        0x4 ./Usr/Src/1016top.o
                0x0000000020000098                stMachOutputWaitStableDelayCtr
 .bss.stMachError
                0x000000002000009c        0x1 ./Usr/Src/1016top.o
                0x000000002000009c                stMachError
 *fill*         0x000000002000009d        0x3 
 .bss.stMachErrorLEDBlinkCtr
                0x00000000200000a0        0x4 ./Usr/Src/1016top.o
                0x00000000200000a0                stMachErrorLEDBlinkCtr
 .bss.stMachErrorLEDDelayCtr
                0x00000000200000a4        0x4 ./Usr/Src/1016top.o
                0x00000000200000a4                stMachErrorLEDDelayCtr
 *(COMMON)
                0x00000000200000a8                . = ALIGN (0x4)
                0x00000000200000a8                _ebss = .
                0x00000000200000a8                __bss_end__ = _ebss

._user_heap_stack
                0x00000000200000a8      0x600 load address 0x00000000080024a8
                0x00000000200000a8                . = ALIGN (0x8)
                [!provide]                        PROVIDE (end = .)
                0x00000000200000a8                PROVIDE (_end = .)
                0x00000000200002a8                . = (. + _Min_Heap_Size)
 *fill*         0x00000000200000a8      0x200 
                0x00000000200006a8                . = (. + _Min_Stack_Size)
 *fill*         0x00000000200002a8      0x400 
                0x00000000200006a8                . = ALIGN (0x8)

/DISCARD/
 libc.a(*)
 libm.a(*)
 libgcc.a(*)

.ARM.attributes
                0x0000000000000000       0x28
 *(.ARM.attributes)
 .ARM.attributes
                0x0000000000000000       0x1e C:/ST/STM32CubeIDE_1.13.0/STM32CubeIDE/plugins/com.st.stm32cube.ide.mcu.externaltools.gnu-tools-for-stm32.11.3.rel1.win32_1.1.1.202309131626/tools/bin/../lib/gcc/arm-none-eabi/11.3.1/thumb/v6-m/nofp/crti.o
 .ARM.attributes
                0x000000000000001e       0x2c C:/ST/STM32CubeIDE_1.13.0/STM32CubeIDE/plugins/com.st.stm32cube.ide.mcu.externaltools.gnu-tools-for-stm32.11.3.rel1.win32_1.1.1.202309131626/tools/bin/../lib/gcc/arm-none-eabi/11.3.1/thumb/v6-m/nofp/crtbegin.o
 .ARM.attributes
                0x000000000000004a       0x2c ./Core/Src/main.o
 .ARM.attributes
                0x0000000000000076       0x2c ./Core/Src/stm32c0xx_hal_msp.o
 .ARM.attributes
                0x00000000000000a2       0x2c ./Core/Src/stm32c0xx_it.o
 .ARM.attributes
                0x00000000000000ce       0x2c ./Core/Src/system_stm32c0xx.o
 .ARM.attributes
                0x00000000000000fa       0x22 ./Core/Startup/startup_stm32c011f4ux.o
 .ARM.attributes
                0x000000000000011c       0x2c ./Drivers/STM32C0xx_HAL_Driver/Src/stm32c0xx_hal.o
 .ARM.attributes
                0x0000000000000148       0x2c ./Drivers/STM32C0xx_HAL_Driver/Src/stm32c0xx_hal_cortex.o
 .ARM.attributes
                0x0000000000000174       0x2c ./Drivers/STM32C0xx_HAL_Driver/Src/stm32c0xx_hal_gpio.o
 .ARM.attributes
                0x00000000000001a0       0x2c ./Drivers/STM32C0xx_HAL_Driver/Src/stm32c0xx_hal_rcc.o
 .ARM.attributes
                0x00000000000001cc       0x2c ./Drivers/STM32C0xx_HAL_Driver/Src/stm32c0xx_hal_tim.o
 .ARM.attributes
                0x00000000000001f8       0x2c ./Drivers/STM32C0xx_HAL_Driver/Src/stm32c0xx_hal_tim_ex.o
 .ARM.attributes
                0x0000000000000224       0x2c ./Usr/Src/1016top.o
 .ARM.attributes
                0x0000000000000250       0x2c C:/ST/STM32CubeIDE_1.13.0/STM32CubeIDE/plugins/com.st.stm32cube.ide.mcu.externaltools.gnu-tools-for-stm32.11.3.rel1.win32_1.1.1.202309131626/tools/bin/../lib/gcc/arm-none-eabi/11.3.1/../../../../arm-none-eabi/lib/thumb/v6-m/nofp\libc_nano.a(libc_a-memset.o)
 .ARM.attributes
                0x000000000000027c       0x2c C:/ST/STM32CubeIDE_1.13.0/STM32CubeIDE/plugins/com.st.stm32cube.ide.mcu.externaltools.gnu-tools-for-stm32.11.3.rel1.win32_1.1.1.202309131626/tools/bin/../lib/gcc/arm-none-eabi/11.3.1/../../../../arm-none-eabi/lib/thumb/v6-m/nofp\libc_nano.a(libc_a-init.o)
 .ARM.attributes
                0x00000000000002a8       0x1e C:/ST/STM32CubeIDE_1.13.0/STM32CubeIDE/plugins/com.st.stm32cube.ide.mcu.externaltools.gnu-tools-for-stm32.11.3.rel1.win32_1.1.1.202309131626/tools/bin/../lib/gcc/arm-none-eabi/11.3.1/thumb/v6-m/nofp\libgcc.a(_udivsi3.o)
 .ARM.attributes
                0x00000000000002c6       0x1e C:/ST/STM32CubeIDE_1.13.0/STM32CubeIDE/plugins/com.st.stm32cube.ide.mcu.externaltools.gnu-tools-for-stm32.11.3.rel1.win32_1.1.1.202309131626/tools/bin/../lib/gcc/arm-none-eabi/11.3.1/thumb/v6-m/nofp\libgcc.a(_dvmd_tls.o)
 .ARM.attributes
                0x00000000000002e4       0x1e C:/ST/STM32CubeIDE_1.13.0/STM32CubeIDE/plugins/com.st.stm32cube.ide.mcu.externaltools.gnu-tools-for-stm32.11.3.rel1.win32_1.1.1.202309131626/tools/bin/../lib/gcc/arm-none-eabi/11.3.1/thumb/v6-m/nofp/crtn.o
OUTPUT(1016 Breaadboard Power Supply.elf elf32-littlearm)
LOAD linker stubs
LOAD C:/ST/STM32CubeIDE_1.13.0/STM32CubeIDE/plugins/com.st.stm32cube.ide.mcu.externaltools.gnu-tools-for-stm32.11.3.rel1.win32_1.1.1.202309131626/tools/bin/../lib/gcc/arm-none-eabi/11.3.1/../../../../arm-none-eabi/lib/thumb/v6-m/nofp\libc.a
LOAD C:/ST/STM32CubeIDE_1.13.0/STM32CubeIDE/plugins/com.st.stm32cube.ide.mcu.externaltools.gnu-tools-for-stm32.11.3.rel1.win32_1.1.1.202309131626/tools/bin/../lib/gcc/arm-none-eabi/11.3.1/../../../../arm-none-eabi/lib/thumb/v6-m/nofp\libm.a
LOAD C:/ST/STM32CubeIDE_1.13.0/STM32CubeIDE/plugins/com.st.stm32cube.ide.mcu.externaltools.gnu-tools-for-stm32.11.3.rel1.win32_1.1.1.202309131626/tools/bin/../lib/gcc/arm-none-eabi/11.3.1/thumb/v6-m/nofp\libgcc.a

.comment        0x0000000000000000       0x43
 .comment       0x0000000000000000       0x43 C:/ST/STM32CubeIDE_1.13.0/STM32CubeIDE/plugins/com.st.stm32cube.ide.mcu.externaltools.gnu-tools-for-stm32.11.3.rel1.win32_1.1.1.202309131626/tools/bin/../lib/gcc/arm-none-eabi/11.3.1/thumb/v6-m/nofp/crtbegin.o
                                         0x44 (size before relaxing)
 .comment       0x0000000000000043       0x44 ./Core/Src/main.o
 .comment       0x0000000000000043       0x44 ./Core/Src/stm32c0xx_hal_msp.o
 .comment       0x0000000000000043       0x44 ./Core/Src/stm32c0xx_it.o
 .comment       0x0000000000000043       0x44 ./Core/Src/system_stm32c0xx.o
 .comment       0x0000000000000043       0x44 ./Drivers/STM32C0xx_HAL_Driver/Src/stm32c0xx_hal.o
 .comment       0x0000000000000043       0x44 ./Drivers/STM32C0xx_HAL_Driver/Src/stm32c0xx_hal_cortex.o
 .comment       0x0000000000000043       0x44 ./Drivers/STM32C0xx_HAL_Driver/Src/stm32c0xx_hal_gpio.o
 .comment       0x0000000000000043       0x44 ./Drivers/STM32C0xx_HAL_Driver/Src/stm32c0xx_hal_rcc.o
 .comment       0x0000000000000043       0x44 ./Drivers/STM32C0xx_HAL_Driver/Src/stm32c0xx_hal_tim.o
 .comment       0x0000000000000043       0x44 ./Drivers/STM32C0xx_HAL_Driver/Src/stm32c0xx_hal_tim_ex.o
 .comment       0x0000000000000043       0x44 ./Usr/Src/1016top.o

.debug_info     0x0000000000000000     0x906e
 .debug_info    0x0000000000000000      0xd4a ./Core/Src/main.o
 .debug_info    0x0000000000000d4a      0xa08 ./Core/Src/stm32c0xx_hal_msp.o
 .debug_info    0x0000000000001752      0x795 ./Core/Src/stm32c0xx_it.o
 .debug_info    0x0000000000001ee7      0x368 ./Core/Src/system_stm32c0xx.o
 .debug_info    0x000000000000224f       0x23 ./Core/Startup/startup_stm32c011f4ux.o
 .debug_info    0x0000000000002272      0x856 ./Drivers/STM32C0xx_HAL_Driver/Src/stm32c0xx_hal.o
 .debug_info    0x0000000000002ac8      0x82a ./Drivers/STM32C0xx_HAL_Driver/Src/stm32c0xx_hal_cortex.o
 .debug_info    0x00000000000032f2      0x5b7 ./Drivers/STM32C0xx_HAL_Driver/Src/stm32c0xx_hal_gpio.o
 .debug_info    0x00000000000038a9      0x8bf ./Drivers/STM32C0xx_HAL_Driver/Src/stm32c0xx_hal_rcc.o
 .debug_info    0x0000000000004168     0x2b65 ./Drivers/STM32C0xx_HAL_Driver/Src/stm32c0xx_hal_tim.o
 .debug_info    0x0000000000006ccd     0x1878 ./Drivers/STM32C0xx_HAL_Driver/Src/stm32c0xx_hal_tim_ex.o
 .debug_info    0x0000000000008545      0xb29 ./Usr/Src/1016top.o

.debug_abbrev   0x0000000000000000     0x1816
 .debug_abbrev  0x0000000000000000      0x266 ./Core/Src/main.o
 .debug_abbrev  0x0000000000000266      0x1c0 ./Core/Src/stm32c0xx_hal_msp.o
 .debug_abbrev  0x0000000000000426      0x1a4 ./Core/Src/stm32c0xx_it.o
 .debug_abbrev  0x00000000000005ca      0x117 ./Core/Src/system_stm32c0xx.o
 .debug_abbrev  0x00000000000006e1       0x12 ./Core/Startup/startup_stm32c011f4ux.o
 .debug_abbrev  0x00000000000006f3      0x2cb ./Drivers/STM32C0xx_HAL_Driver/Src/stm32c0xx_hal.o
 .debug_abbrev  0x00000000000009be      0x2b7 ./Drivers/STM32C0xx_HAL_Driver/Src/stm32c0xx_hal_cortex.o
 .debug_abbrev  0x0000000000000c75      0x1d6 ./Drivers/STM32C0xx_HAL_Driver/Src/stm32c0xx_hal_gpio.o
 .debug_abbrev  0x0000000000000e4b      0x2a8 ./Drivers/STM32C0xx_HAL_Driver/Src/stm32c0xx_hal_rcc.o
 .debug_abbrev  0x00000000000010f3      0x28a ./Drivers/STM32C0xx_HAL_Driver/Src/stm32c0xx_hal_tim.o
 .debug_abbrev  0x000000000000137d      0x2aa ./Drivers/STM32C0xx_HAL_Driver/Src/stm32c0xx_hal_tim_ex.o
 .debug_abbrev  0x0000000000001627      0x1ef ./Usr/Src/1016top.o

.debug_aranges  0x0000000000000000      0x9c8
 .debug_aranges
                0x0000000000000000       0x40 ./Core/Src/main.o
 .debug_aranges
                0x0000000000000040       0x30 ./Core/Src/stm32c0xx_hal_msp.o
 .debug_aranges
                0x0000000000000070       0x48 ./Core/Src/stm32c0xx_it.o
 .debug_aranges
                0x00000000000000b8       0x28 ./Core/Src/system_stm32c0xx.o
 .debug_aranges
                0x00000000000000e0       0x28 ./Core/Startup/startup_stm32c011f4ux.o
 .debug_aranges
                0x0000000000000108      0x110 ./Drivers/STM32C0xx_HAL_Driver/Src/stm32c0xx_hal.o
 .debug_aranges
                0x0000000000000218       0xd8 ./Drivers/STM32C0xx_HAL_Driver/Src/stm32c0xx_hal_cortex.o
 .debug_aranges
                0x00000000000002f0       0x68 ./Drivers/STM32C0xx_HAL_Driver/Src/stm32c0xx_hal_gpio.o
 .debug_aranges
                0x0000000000000358       0xa0 ./Drivers/STM32C0xx_HAL_Driver/Src/stm32c0xx_hal_rcc.o
 .debug_aranges
                0x00000000000003f8      0x3e0 ./Drivers/STM32C0xx_HAL_Driver/Src/stm32c0xx_hal_tim.o
 .debug_aranges
                0x00000000000007d8      0x198 ./Drivers/STM32C0xx_HAL_Driver/Src/stm32c0xx_hal_tim_ex.o
 .debug_aranges
                0x0000000000000970       0x58 ./Usr/Src/1016top.o

.debug_rnglists
                0x0000000000000000      0x796
 .debug_rnglists
                0x0000000000000000       0x2e ./Core/Src/main.o
 .debug_rnglists
                0x000000000000002e       0x1f ./Core/Src/stm32c0xx_hal_msp.o
 .debug_rnglists
                0x000000000000004d       0x31 ./Core/Src/stm32c0xx_it.o
 .debug_rnglists
                0x000000000000007e       0x1a ./Core/Src/system_stm32c0xx.o
 .debug_rnglists
                0x0000000000000098       0x19 ./Core/Startup/startup_stm32c011f4ux.o
 .debug_rnglists
                0x00000000000000b1       0xc8 ./Drivers/STM32C0xx_HAL_Driver/Src/stm32c0xx_hal.o
 .debug_rnglists
                0x0000000000000179       0x9f ./Drivers/STM32C0xx_HAL_Driver/Src/stm32c0xx_hal_cortex.o
 .debug_rnglists
                0x0000000000000218       0x4b ./Drivers/STM32C0xx_HAL_Driver/Src/stm32c0xx_hal_gpio.o
 .debug_rnglists
                0x0000000000000263       0x78 ./Drivers/STM32C0xx_HAL_Driver/Src/stm32c0xx_hal_rcc.o
 .debug_rnglists
                0x00000000000002db      0x32a ./Drivers/STM32C0xx_HAL_Driver/Src/stm32c0xx_hal_tim.o
 .debug_rnglists
                0x0000000000000605      0x14e ./Drivers/STM32C0xx_HAL_Driver/Src/stm32c0xx_hal_tim_ex.o
 .debug_rnglists
                0x0000000000000753       0x43 ./Usr/Src/1016top.o

.debug_macro    0x0000000000000000    0x12471
 .debug_macro   0x0000000000000000      0x1d5 ./Core/Src/main.o
 .debug_macro   0x00000000000001d5      0xa7e ./Core/Src/main.o
 .debug_macro   0x0000000000000c53       0x2e ./Core/Src/main.o
 .debug_macro   0x0000000000000c81       0x28 ./Core/Src/main.o
 .debug_macro   0x0000000000000ca9       0x22 ./Core/Src/main.o
 .debug_macro   0x0000000000000ccb       0x8e ./Core/Src/main.o
 .debug_macro   0x0000000000000d59       0x51 ./Core/Src/main.o
 .debug_macro   0x0000000000000daa      0x103 ./Core/Src/main.o
 .debug_macro   0x0000000000000ead       0x6a ./Core/Src/main.o
 .debug_macro   0x0000000000000f17      0x1df ./Core/Src/main.o
 .debug_macro   0x00000000000010f6       0x1c ./Core/Src/main.o
 .debug_macro   0x0000000000001112       0x22 ./Core/Src/main.o
 .debug_macro   0x0000000000001134       0xd1 ./Core/Src/main.o
 .debug_macro   0x0000000000001205      0x4da ./Core/Src/main.o
 .debug_macro   0x00000000000016df      0x11f ./Core/Src/main.o
 .debug_macro   0x00000000000017fe     0x91b4 ./Core/Src/main.o
 .debug_macro   0x000000000000a9b2       0x6c ./Core/Src/main.o
 .debug_macro   0x000000000000aa1e      0x16c ./Core/Src/main.o
 .debug_macro   0x000000000000ab8a       0xe3 ./Core/Src/main.o
 .debug_macro   0x000000000000ac6d     0x340f ./Core/Src/main.o
 .debug_macro   0x000000000000e07c      0x174 ./Core/Src/main.o
 .debug_macro   0x000000000000e1f0       0x5b ./Core/Src/main.o
 .debug_macro   0x000000000000e24b      0x366 ./Core/Src/main.o
 .debug_macro   0x000000000000e5b1      0xaee ./Core/Src/main.o
 .debug_macro   0x000000000000f09f      0x136 ./Core/Src/main.o
 .debug_macro   0x000000000000f1d5      0x15f ./Core/Src/main.o
 .debug_macro   0x000000000000f334      0x166 ./Core/Src/main.o
 .debug_macro   0x000000000000f49a      0x264 ./Core/Src/main.o
 .debug_macro   0x000000000000f6fe      0x17e ./Core/Src/main.o
 .debug_macro   0x000000000000f87c       0x43 ./Core/Src/main.o
 .debug_macro   0x000000000000f8bf      0x1f1 ./Core/Src/main.o
 .debug_macro   0x000000000000fab0      0x1aa ./Core/Src/main.o
 .debug_macro   0x000000000000fc5a      0x352 ./Core/Src/main.o
 .debug_macro   0x000000000000ffac       0x28 ./Core/Src/main.o
 .debug_macro   0x000000000000ffd4       0xba ./Core/Src/main.o
 .debug_macro   0x000000000001008e       0xff ./Core/Src/main.o
 .debug_macro   0x000000000001018d       0xc6 ./Core/Src/main.o
 .debug_macro   0x0000000000010253      0xabb ./Core/Src/main.o
 .debug_macro   0x0000000000010d0e       0xd9 ./Core/Src/main.o
 .debug_macro   0x0000000000010de7      0x3ba ./Core/Src/main.o
 .debug_macro   0x00000000000111a1       0xa0 ./Core/Src/main.o
 .debug_macro   0x0000000000011241      0x1cb ./Core/Src/stm32c0xx_hal_msp.o
 .debug_macro   0x000000000001140c      0x1d5 ./Core/Src/stm32c0xx_it.o
 .debug_macro   0x00000000000115e1      0x1c2 ./Core/Src/system_stm32c0xx.o
 .debug_macro   0x00000000000117a3      0x1da ./Drivers/STM32C0xx_HAL_Driver/Src/stm32c0xx_hal.o
 .debug_macro   0x000000000001197d      0x1bc ./Drivers/STM32C0xx_HAL_Driver/Src/stm32c0xx_hal_cortex.o
 .debug_macro   0x0000000000011b39      0x1f1 ./Drivers/STM32C0xx_HAL_Driver/Src/stm32c0xx_hal_gpio.o
 .debug_macro   0x0000000000011d2a      0x1ec ./Drivers/STM32C0xx_HAL_Driver/Src/stm32c0xx_hal_rcc.o
 .debug_macro   0x0000000000011f16      0x1c4 ./Drivers/STM32C0xx_HAL_Driver/Src/stm32c0xx_hal_tim.o
 .debug_macro   0x00000000000120da      0x1c2 ./Drivers/STM32C0xx_HAL_Driver/Src/stm32c0xx_hal_tim_ex.o
 .debug_macro   0x000000000001229c      0x1d5 ./Usr/Src/1016top.o

.debug_line     0x0000000000000000     0xb187
 .debug_line    0x0000000000000000      0x8ac ./Core/Src/main.o
 .debug_line    0x00000000000008ac      0x77c ./Core/Src/stm32c0xx_hal_msp.o
 .debug_line    0x0000000000001028      0x7bd ./Core/Src/stm32c0xx_it.o
 .debug_line    0x00000000000017e5      0x786 ./Core/Src/system_stm32c0xx.o
 .debug_line    0x0000000000001f6b       0x7d ./Core/Startup/startup_stm32c011f4ux.o
 .debug_line    0x0000000000001fe8      0xad5 ./Drivers/STM32C0xx_HAL_Driver/Src/stm32c0xx_hal.o
 .debug_line    0x0000000000002abd      0xb6e ./Drivers/STM32C0xx_HAL_Driver/Src/stm32c0xx_hal_cortex.o
 .debug_line    0x000000000000362b      0xb8b ./Drivers/STM32C0xx_HAL_Driver/Src/stm32c0xx_hal_gpio.o
 .debug_line    0x00000000000041b6      0xcf9 ./Drivers/STM32C0xx_HAL_Driver/Src/stm32c0xx_hal_rcc.o
 .debug_line    0x0000000000004eaf     0x3b7f ./Drivers/STM32C0xx_HAL_Driver/Src/stm32c0xx_hal_tim.o
 .debug_line    0x0000000000008a2e     0x1bf8 ./Drivers/STM32C0xx_HAL_Driver/Src/stm32c0xx_hal_tim_ex.o
 .debug_line    0x000000000000a626      0xb61 ./Usr/Src/1016top.o

.debug_str      0x0000000000000000    0x754a9
 .debug_str     0x0000000000000000    0x72b5c ./Core/Src/main.o
                                      0x731a9 (size before relaxing)
 .debug_str     0x0000000000072b5c      0x1fb ./Core/Src/stm32c0xx_hal_msp.o
                                      0x73005 (size before relaxing)
 .debug_str     0x0000000000072d57       0xa5 ./Core/Src/stm32c0xx_it.o
                                      0x72dfe (size before relaxing)
 .debug_str     0x0000000000072dfc       0xb7 ./Core/Src/system_stm32c0xx.o
                                      0x72611 (size before relaxing)
 .debug_str     0x0000000000072eb3       0x34 ./Core/Startup/startup_stm32c011f4ux.o
                                         0x74 (size before relaxing)
 .debug_str     0x0000000000072ee7      0x48b ./Drivers/STM32C0xx_HAL_Driver/Src/stm32c0xx_hal.o
                                      0x72c5d (size before relaxing)
 .debug_str     0x0000000000073372      0x258 ./Drivers/STM32C0xx_HAL_Driver/Src/stm32c0xx_hal_cortex.o
                                      0x729f9 (size before relaxing)
 .debug_str     0x00000000000735ca      0x242 ./Drivers/STM32C0xx_HAL_Driver/Src/stm32c0xx_hal_gpio.o
                                      0x72810 (size before relaxing)
 .debug_str     0x000000000007380c      0x469 ./Drivers/STM32C0xx_HAL_Driver/Src/stm32c0xx_hal_rcc.o
                                      0x72c03 (size before relaxing)
 .debug_str     0x0000000000073c75      0xec0 ./Drivers/STM32C0xx_HAL_Driver/Src/stm32c0xx_hal_tim.o
                                      0x73b40 (size before relaxing)
 .debug_str     0x0000000000074b35      0x654 ./Drivers/STM32C0xx_HAL_Driver/Src/stm32c0xx_hal_tim_ex.o
                                      0x734ce (size before relaxing)
 .debug_str     0x0000000000075189      0x320 ./Usr/Src/1016top.o
                                      0x7319e (size before relaxing)

.debug_frame    0x0000000000000000     0x22dc
 .debug_frame   0x0000000000000000       0xa8 ./Core/Src/main.o
 .debug_frame   0x00000000000000a8       0x70 ./Core/Src/stm32c0xx_hal_msp.o
 .debug_frame   0x0000000000000118       0xb8 ./Core/Src/stm32c0xx_it.o
 .debug_frame   0x00000000000001d0       0x4c ./Core/Src/system_stm32c0xx.o
 .debug_frame   0x000000000000021c      0x3a0 ./Drivers/STM32C0xx_HAL_Driver/Src/stm32c0xx_hal.o
 .debug_frame   0x00000000000005bc      0x2fc ./Drivers/STM32C0xx_HAL_Driver/Src/stm32c0xx_hal_cortex.o
 .debug_frame   0x00000000000008b8      0x150 ./Drivers/STM32C0xx_HAL_Driver/Src/stm32c0xx_hal_gpio.o
 .debug_frame   0x0000000000000a08      0x214 ./Drivers/STM32C0xx_HAL_Driver/Src/stm32c0xx_hal_rcc.o
 .debug_frame   0x0000000000000c1c      0xf40 ./Drivers/STM32C0xx_HAL_Driver/Src/stm32c0xx_hal_tim.o
 .debug_frame   0x0000000000001b5c      0x620 ./Drivers/STM32C0xx_HAL_Driver/Src/stm32c0xx_hal_tim_ex.o
 .debug_frame   0x000000000000217c       0xf4 ./Usr/Src/1016top.o
 .debug_frame   0x0000000000002270       0x20 C:/ST/STM32CubeIDE_1.13.0/STM32CubeIDE/plugins/com.st.stm32cube.ide.mcu.externaltools.gnu-tools-for-stm32.11.3.rel1.win32_1.1.1.202309131626/tools/bin/../lib/gcc/arm-none-eabi/11.3.1/../../../../arm-none-eabi/lib/thumb/v6-m/nofp\libc_nano.a(libc_a-memset.o)
 .debug_frame   0x0000000000002290       0x2c C:/ST/STM32CubeIDE_1.13.0/STM32CubeIDE/plugins/com.st.stm32cube.ide.mcu.externaltools.gnu-tools-for-stm32.11.3.rel1.win32_1.1.1.202309131626/tools/bin/../lib/gcc/arm-none-eabi/11.3.1/../../../../arm-none-eabi/lib/thumb/v6-m/nofp\libc_nano.a(libc_a-init.o)
 .debug_frame   0x00000000000022bc       0x20 C:/ST/STM32CubeIDE_1.13.0/STM32CubeIDE/plugins/com.st.stm32cube.ide.mcu.externaltools.gnu-tools-for-stm32.11.3.rel1.win32_1.1.1.202309131626/tools/bin/../lib/gcc/arm-none-eabi/11.3.1/thumb/v6-m/nofp\libgcc.a(_udivsi3.o)

.debug_line_str
                0x0000000000000000       0x68
 .debug_line_str
                0x0000000000000000       0x68 ./Core/Startup/startup_stm32c011f4ux.o
                                         0x80 (size before relaxing)
